// Jest Snapshot v1, https://goo.gl/fbAQLP

exports[`<OtpInputs /> render 1`] = `
<View
  style={
    Object {
      "alignItems": "center",
      "flex": 1,
      "flexDirection": "row",
      "justifyContent": "space-between",
    }
  }
>
  <View
    style={
      Array [
        Object {
          "borderBottomWidth": 1,
          "height": 53,
          "margin": 10,
        },
        false,
      ]
    }
  >
    <TextInput
      allowFontScaling={true}
      autoCapitalize="none"
      clearTextOnFocus={false}
      firstInput={true}
      keyboardType="phone-pad"
      maxLength={1}
      numberOfInputs={4}
      onBlur={[Function]}
      onChangeText={[Function]}
      onFocus={[Function]}
      onKeyPress={[Function]}
      placeholder=""
      rejectResponderTermination={true}
      secureTextEntry={false}
      selectTextOnFocus={true}
      style={
        Object {
          "fontSize": 24,
          "paddingTop": 10,
          "textAlign": "center",
          "width": 40,
        }
      }
      testID="otpInput-0"
      textContentType="none"
      underlineColorAndroid="transparent"
    />
  </View>
  <View
    style={
      Array [
        Object {
          "borderBottomWidth": 1,
          "height": 53,
          "margin": 10,
        },
        false,
      ]
    }
  >
    <TextInput
      allowFontScaling={true}
      autoCapitalize="none"
      clearTextOnFocus={false}
      firstInput={false}
      keyboardType="phone-pad"
      maxLength={1}
      numberOfInputs={4}
      onBlur={[Function]}
      onChangeText={[Function]}
      onFocus={[Function]}
      onKeyPress={[Function]}
      placeholder=""
      rejectResponderTermination={true}
      secureTextEntry={false}
      selectTextOnFocus={true}
      style={
        Object {
          "fontSize": 24,
          "paddingTop": 10,
          "textAlign": "center",
          "width": 40,
        }
      }
      testID="otpInput-1"
      textContentType="none"
      underlineColorAndroid="transparent"
    />
  </View>
  <View
    style={
      Array [
        Object {
          "borderBottomWidth": 1,
          "height": 53,
          "margin": 10,
        },
        false,
      ]
    }
  >
    <TextInput
      allowFontScaling={true}
      autoCapitalize="none"
      clearTextOnFocus={false}
      firstInput={false}
      keyboardType="phone-pad"
      maxLength={1}
      numberOfInputs={4}
      onBlur={[Function]}
      onChangeText={[Function]}
      onFocus={[Function]}
      onKeyPress={[Function]}
      placeholder=""
      rejectResponderTermination={true}
      secureTextEntry={false}
      selectTextOnFocus={true}
      style={
        Object {
          "fontSize": 24,
          "paddingTop": 10,
          "textAlign": "center",
          "width": 40,
        }
      }
      testID="otpInput-2"
      textContentType="none"
      underlineColorAndroid="transparent"
    />
  </View>
  <View
    style={
      Array [
        Object {
          "borderBottomWidth": 1,
          "height": 53,
          "margin": 10,
        },
        false,
      ]
    }
  >
    <TextInput
      allowFontScaling={true}
      autoCapitalize="none"
      clearTextOnFocus={false}
      firstInput={false}
      keyboardType="phone-pad"
      maxLength={1}
      numberOfInputs={4}
      onBlur={[Function]}
      onChangeText={[Function]}
      onFocus={[Function]}
      onKeyPress={[Function]}
      placeholder=""
      rejectResponderTermination={true}
      secureTextEntry={false}
      selectTextOnFocus={true}
      style={
        Object {
          "fontSize": 24,
          "paddingTop": 10,
          "textAlign": "center",
          "width": 40,
        }
      }
      testID="otpInput-3"
      textContentType="none"
      underlineColorAndroid="transparent"
    />
  </View>
</View>
`;
